{
  "classification": "synthetic execution of immutable reviewed snapshot",
  "source": "/home/hilaolu/capsule/audit/2026-09-13-stabilization-recheck/source-snapshot/src",
  "root": "/tmp/nix-shell.zv90vP/capsule-scripted-prefixed-synthetic-80uReT",
  "lateCapture": {
    "invariant": false,
    "receipt": {
      "schemaVersion": 1,
      "id": "exec_aab5e9ad-b70c-4603-8fd2-9f1121dd1569",
      "taskId": "t",
      "episodeId": "e",
      "requestId": "r",
      "capsuleDigest": "aaaaaaaaaaaaaaaaaaaaaaaaaaaaaaaaaaaaaaaaaaaaaaaaaaaaaaaaaaaaaaaa",
      "unitId": "u",
      "recipeId": "synthetic",
      "recipeDigest": "bbbbbbbbbbbbbbbbbbbbbbbbbbbbbbbbbbbbbbbbbbbbbbbbbbbbbbbbbbbbbbbb",
      "acceptanceUnitId": "u",
      "argv": [
        "/nix/store/2gd4h12irmnanhg33md2rpjygrsj5ypb-nodejs-slim-22.23.2/bin/node",
        "-e",
        "const c=require('child_process').spawn(process.execPath,['-e',\"setTimeout(()=>console.log('SYNTHETIC-LATE'),100);setTimeout(()=>process.exit(0),400)\"],{stdio:['ignore',1,2]});c.unref();process.exit(0)"
      ],
      "cwd": "/tmp/nix-shell.zv90vP/capsule-scripted-prefixed-synthetic-80uReT",
      "publicEnvironment": {},
      "environmentHandleId": null,
      "startedAt": "2026-09-13T14:29:54.156Z",
      "endedAt": "2026-09-13T14:29:54.198Z",
      "durationMs": 43,
      "processIdentity": {
        "pid": 1870992,
        "startIdentity": "spawned:2026-09-13T14:29:54.156Z",
        "groupId": 1870992
      },
      "spawnError": null,
      "exitCode": 0,
      "signal": null,
      "timedOut": false,
      "cancelled": false,
      "descendantsReaped": null,
      "externalEffectsAccounting": "complete_for_declared_scope",
      "stdout": {
        "sha256": "e3b0c44298fc1c149afbf4c8996fb92427ae41e4649b934ca495991b7852b855",
        "storedBytes": 0,
        "observedBytes": 0,
        "complete": true
      },
      "stderr": {
        "sha256": "e3b0c44298fc1c149afbf4c8996fb92427ae41e4649b934ca495991b7852b855",
        "storedBytes": 0,
        "observedBytes": 0,
        "complete": true
      }
    },
    "retained": ""
  },
  "quota": {
    "invariant": false,
    "writes": [
      {
        "status": "fulfilled",
        "value": {
          "sha256": "ef797c8118f02dfb649607dd5d3f8c7623048c9c063d532cc95c5ed7a898a64f",
          "storedBytes": 8,
          "observedBytes": 8,
          "complete": true
        }
      },
      {
        "status": "fulfilled",
        "value": {
          "sha256": "9c56cc51b374c3ba189210d5b6d4bf57790d351c96c47c02190ecf1e430635ab",
          "storedBytes": 8,
          "observedBytes": 8,
          "complete": true
        }
      }
    ]
  }
}
