audit/2026-09-13/AUDIT.md: OK
audit/2026-09-13-recheck/RECHECK.md: OK
audit/2026-09-13-recheck/STABILIZATION-2026-09-13.md: OK
docs/01-SPECIFICATION.md: OK
docs/02-ARCHITECTURE.md: OK
docs/03-CONTRACTS.md: OK
docs/04-ENVIRONMENT-RECOVERY.md: OK
docs/05-CONTEXT-AND-MEMORY.md: OK
docs/06-REAL-CASES.md: OK
docs/07-TEST-AND-EVALUATION.md: OK
docs/08-IMPLEMENTATION-PLAN.md: OK
docs/09-AGENT-PROMPTS.md: OK
docs/10-SOURCES-AND-DECISIONS.md: OK
docs/COMPATIBILITY.json: OK
docs/DOCUMENT-VALIDATION.json: OK
docs/evidence/observed-events.json: OK
docs/evidence/original-proposal.txt: OK
docs/evidence/prior-study.md: OK
docs/evidence/source-verification.json: OK
docs/examples/environment-task.json: OK
docs/examples/operator-config.json: OK
docs/FULL-SPEC.md: OK
docs/MANIFEST.sha256: OK
docs/README.md: OK
